[ggprem.com/index.html]
[backblue.gif]
[fade.gif]
[index.html]
[ggprem.com/template/uploads/favicon.png]
[ggprem.com/template/assets/styles/css/bootstrap.min.css]
[ggprem.com/template/assets/styles/css/owl.carousel.min.css]
[ggprem.com/template/assets/styles/css/magnific-popup.css]
[ggprem.com/template/assets/styles/css/fontawesome.min.css]
[ggprem.com/template/assets/styles/css/main.css]
[ggprem.com/template/assets/images/icons/announcement-icon.png]
[ggprem.com/anasayfa.html]
[i.hizliresim.com/odgWQm.png]
[ggprem.com/hakkimizda.html]
[ggprem.com/sss.html]
[ggprem.com/yasal-uyari.html]
[ggprem.com/giris-yap.html]
[ggprem.com/kayit-ol.html]
[ggprem.com/template/uploads/minecraft.png]
[ggprem.com/template/assets/images/icons/announcement-icon-2.png]
[ggprem.com/template/assets/images/icons/user-plus-icon.png]
[ggprem.com/template/assets/images/icons/coupon-reach-icon.png]
[ggprem.com/template/assets/images/icons/wallet-icon.png]
[ggprem.com/template/assets/images/icons/star-icon.png]
[ggprem.com/template/uploads/demir.png]
[ggprem.com/template/uploads/altin.png]
[ggprem.com/template/uploads/elmas.png]
[ggprem.com/template/uploads/100x100.png]
[ggprem.com/template/uploads/minecon.png]
[images.dmca.com/Badges/dmca_protected_sml_120m040c.png]
[images.dmca.com/Badges/DMCABadgeHelper.min.zip]
[ggprem.com/template/assets/images/visa-mastercard.png]
[ggprem.com/kayıt-ol.1c.delayed]
[ggprem.com/cdn-cgi/l/email-protection.html]
[ggprem.com/cdn-cgi/scripts/5c5dd728/cloudflare-static/email-decode.min.js]
[ggprem.com/template/assets/scripts/owl.carousel.min.js]
[ggprem.com/template/assets/scripts/bootstrap.min.js]
[ggprem.com/template/assets/scripts/jquery.mask.js]
[ggprem.com/template/assets/scripts/main.js]
[ggprem.com/index.html]
[ggprem.com/template/assets/scripts/jquery.magnific-popup.min.js]
[ggprem.com/template/assets/styles/css/bootstrap.min.css]
[ggprem.com/template/assets/scripts/jquery-3.3.1.min.js]
[ggprem.com/template/assets/styles/css/owl.carousel.min.css]
[ggprem.com/template/assets/styles/css/magnific-popup.css]
[ggprem.com/template/assets/styles/css/assets/fonts/fontawesome/fa-solid-900.woff]
[ggprem.com/template/assets/styles/css/fontawesome.min.css]
[ggprem.com/template/assets/styles/css/assets/fonts/SourceSansPro-Regular.woff]
[ggprem.com/template/assets/styles/css/assets/fonts/SourceSansPro-Bold.woff]
[ggprem.com/template/assets/styles/css/assets/fonts/SourceSansPro-SemiBold.woff]
[ggprem.com/template/assets/styles/css/assets/fonts/SourceSansPro-Black.woff]
[ggprem.com/template/assets/styles/css/assets/fonts/SourceSansPro-BlackIt.woff]
[ggprem.com/template/assets/styles/css/img/slide-bg.png]
[ggprem.com/template/assets/styles/css/img/custom-menu-bg.png]
[ggprem.com/template/assets/styles/css/main.css]
[ggprem.com/anasayfa.html]
[ggprem.com/hakkimizda.html]
[ggprem.com/sss.html]
[ggprem.com/yasal-uyari.html]
[ggprem.com/template/assets/images/icons/banko-coupons.png]
[ggprem.com/sifremi-unuttum.html]
[ggprem.com/template/assets/images/icons/score-coupons-icons.png]
[ggprem.com/giris-yap.html]
[ggprem.com/kayit-ol.html]
[ggprem.com/kayıt-ol.html]
[ggprem.com/cdn-cgi/l/email-protection.html]
[ggprem.com/sifremi-unuttum.html]
